test count = 10
test number = 0
test name = 'PassingTest'
test result = 'passed'
test abort reason = '(null)'
test todo = 0
test todo reason = '(null)'
test done
test number = 1
test name = 'AssertTest'
test result = 'failed'
test abort reason = '(null)'
test todo = 0
test todo reason = '(null)'
test done
test number = 2
test name = 'FailTest'
test result = 'failed'
test abort reason = '(null)'
test todo = 0
test todo reason = '(null)'
test done
test number = 3
test name = 'FailWithReasonTest'
test result = 'failed'
test abort reason = 'Failed with a reason'
test todo = 0
test todo reason = '(null)'
test done
test number = 4
test name = 'PassingRequireTest'
test result = 'passed'
test abort reason = '(null)'
test todo = 0
test todo reason = '(null)'
test done
test number = 5
test name = 'FailingRequireTest'
test result = 'failed'
test abort reason = '2+2 == 5 failed'
test todo = 0
test todo reason = '(null)'
test done
test number = 6
test name = 'SkipTest'
test result = 'skipped'
test abort reason = '(null)'
test todo = 0
test todo reason = '(null)'
test done
test number = 7
test name = 'SkipWithReasonTest'
test result = 'skipped'
test abort reason = 'Skipped with a reason'
test todo = 0
test todo reason = '(null)'
test done
test number = 8
test name = 'TodoTest'
test result = 'passed'
test abort reason = '(null)'
test todo = 1
test todo reason = '(null)'
test done
test number = 9
test name = 'TodoWithReasonTest'
test result = 'passed'
test abort reason = '(null)'
test todo = 1
test todo reason = 'TODO with a reason'
test done
testing done
