error code = 1, abort reason = 'SIGABRT: Abnormal termination'
